
> dum-sociedade-lda@1.0.0 build
> next build

 ⚠ Warning: Next.js inferred your workspace root, but it may not be correct.
 We detected multiple lockfiles and selected the directory of C:\Users\25884\package-lock.json as the root directory.
 To silence this warning, set `outputFileTracingRoot` in your Next.js config, or consider removing one of the lockfiles if it's not needed.
   See https://nextjs.org/docs/app/api-reference/config/next-config-js/output#caveats for more information.
 Detected additional lockfiles: 
   * C:\Users\25884\OneDrive\Desktop\Ferramentas\Skills\DUM\DumSucursal\package-lock.json

   ▲ Next.js 15.5.23

   Creating an optimized production build ...
 ✓ Compiled successfully in 24.9s
   Linting and checking validity of types ...
   Collecting page data ...
   Generating static pages (0/34) ...
   Generating static pages (8/34) 
   Generating static pages (16/34) 
   Generating static pages (25/34) 
 ✓ Generating static pages (34/34)
   Finalizing page optimization ...
   Collecting build traces ...

Route (app)                                           Size  First Load JS
┌ ○ /                                               133 kB         289 kB
├ ○ /_not-found                                      993 B         104 kB
├ ○ /categorias                                     2.5 kB         159 kB
├ ● /categorias/[slug]                             4.89 kB         158 kB
├   ├ /categorias/mercearia
├   ├ /categorias/bebidas
├   ├ /categorias/laticinios
├   └ [+5 more paths]
├ ○ /contacto                                      5.57 kB         150 kB
├ ○ /galeria                                       4.38 kB         160 kB
├ ○ /localizacao                                   4.22 kB         152 kB
├ ○ /marcas                                        4.25 kB         157 kB
├ ○ /ofertas                                        5.3 kB         158 kB
├ ○ /produtos                                      11.9 kB         165 kB
├ ● /produtos/[slug]                               5.31 kB         158 kB
├   ├ /produtos/azeite-oliveira-da-serra-classico
├   ├ /produtos/massa-tomate-europa-400g-lata
├   ├ /produtos/arroz-basmati-imperial-aromatico
├   └ [+11 more paths]
└ ○ /sobre                                         3.33 kB         151 kB
+ First Load JS shared by all                       103 kB
  ├ chunks/255-87552e6e05b8e3aa.js                 46.4 kB
  ├ chunks/4bd1b696-c023c6e3521b1417.js            54.2 kB
  └ other shared chunks (total)                    1.99 kB


○  (Static)  prerendered as static content
●  (SSG)     prerendered as static HTML (uses generateStaticParams)

